{{Infobox device
| manufacturer = Huawei
| name = Ascend Y530
| codename = huawei-y530
| image = File:PostmarketOS_running_on_Huawei_Ascend_Y530.jpeg
| imagecaption = PostmarketOS running
| releaseyear = 2014
| originalsoftware = Android 4.3 on Linux 3.4.39
| chipset = Qualcomm MSM8210 Snapdragon 200
| cpu = Dual-core 1.2 GHz Cortex-A7
| gpu = Adreno 302
| storage = 4 GB
| display = 480x854 TFT
| memory = 512 MB
| architecture = armv7
| status_usbnet = Y
| status_flashing = P
| status_touch = Y
| status_screen = Y
| status_wifi = Y
| status_xwayland = Y
| status_fde = P
| status_mainline = 
| status_battery =
| status_3d = 
| status_accel = 
| status_audio = 
| status_bluetooth =
| status_camera =
| status_gps = 
| status_mobiledata = 
| status_sms = 
| status_calls = 
| booting = yes
}}
== Contributors ==

* ''[[user:drebrez|drebrez]]''

== Device info ==

* [http://www.gsmarena.com/huawei_ascend_y530-6103.php Full phone specifications]

== Additional info ==

=== Entering "Fastboot mode" ===

Hold the '''Volume Down''' button, and then press the '''Power''' button

=== Entering "Recovery mode" ===

Hold the '''Volume Up''' button, and then press the '''Power''' button

=== Flash system ===

Right now flashing the system with fastboot fails with the '''FAILED (remote: Unknown chunk type)''' error.

As a workaround it's possible to write the system partition using '''netcat'''.

The procedure is explained here => https://github.com/postmarketOS/pmbootstrap/issues/456

The partition to use in step 5 is <pre class="shell" style="display: inline;padding: 0.4em;">/dev/mmcblk0p23</pre>

=== Wifi ===

In order to start the wifi you have to load the kernel module and bring the interface up with the following commands:

<pre class="shell">
sudo modprobe wlan
sudo ifconfig wlan0 up
</pre>

[[Setup_WiFi_with_iproute2|Setup WiFi with iproute2]]

=== Partition layout ===

<pre class="shell">~ # fdisk -l /dev/block/mmcblk0
Found valid GPT with protective MBR; using GPT

Disk /dev/block/mmcblk0: 7634944 sectors, 3728M
Logical sector size: 512
Disk identifier (GUID): 98101b32-bbe2-4bf2-a06e-2bb33d000c20
Partition table holds up to 28 entries
First usable sector is 34, last usable sector is 7634910

Number  Start (sector)    End (sector)  Size       Code  Name
   1              34            1057        512K   0700  sbl1
   2            1058            1121       32768   0700  sdi
   3            8192            8255       32768   0700  DDR
   4           16384           17383        500K   0700  rpm
   5           17384           18383        500K   0700  tz
   6           18384           29567       5592K   0700  aboot
   7           29568           31615       1024K   0700  pad
   8           31616          162687       64.0M   0700  oeminfo
   9          162688          170879       4096K   0700  modemst1
  10          170880          179071       4096K   0700  modemst2
  11          180224          376831       96.0M   0700  modem
  12          376832          385023       4096K   0700  fsg
  13          385024          385025        1024   0700  fsc
  14          385026          385041        8192   0700  ssd
  15          385042          450577       32.0M   0700  log
  16          458752          589823       64.0M   0700  bkbootup
  17          589824          606207       8192K   0700  persist
  18          606208          630783       12.0M   0700  boot
  19          630784          663551       16.0M   0700  recovery
  20          663552         1187839        256M   0700  cust
  21         1187840         1581055        192M   0700  cache
  22         1581056         1589247       4096K   0700  misc
  23         1589248         3686399       1024M   0700  system
  24         3686400         5783551       1024M   0700  userdata
  25         5783552         7634910        903M   0700  grow</pre>

== Links ==

* [https://github.com/postmarketOS/pmbootstrap/tree/master/aports/device/device-huawei-y530 Device package]
* [https://github.com/postmarketOS/pmbootstrap/tree/master/aports/device/linux-huawei-y530 Kernel package]
* [https://github.com/PieroV/android_kernel_huawei_msm8x1x PieroV's Kernel]
* [https://github.com/PieroV/android_vendor_huawei_y530/tree/cm-11.0 PieroV's vendor files]

== Photos ==
