{{Infobox device
| manufacturer = Samsung
| name = Galaxy S5
| codename = samsung-klte
| image = File:Samsung-s5-weston.jpg
| imagecaption = Samsung Galaxy S5
| releaseyear = 2014
| originalsoftware = Android 4.4.2 (KitKat)
| chipset = Qualcomm MSM8974PRO-AC Snapdragon 801
| cpu = Quad-core 2.5 GHz Krait 400
| gpu = Adreno 330
| storage = 16/32 GB
| display = 1080 x 1920 AMOLED
| memory = 2 GB
| architecture = armhf
| status_usbnet = Y
| status_flashing = Y
| status_touch = Y
| status_screen = Y
| status_wifi = Y
| status_xwayland = Y
| status_fde = 
| status_mainline = P
| status_battery = Y
| status_3d = P
| status_accel = 
| status_audio = 
| status_bluetooth =
| status_camera =
| status_gps = Y
| status_mobiledata = 
| status_sms = 
| status_calls = 
| booting = yes
}}

== Contributors ==
* ''[[user:drebrez|drebrez]]''
* ''[[user:alexeymin|minlexx]]''

== Maintainer(s) ==
* ''[[user:drebrez|drebrez]]''

== What works ==

* Kernel compilation
* Flash Kernel (<code>pmbootstrap flasher flash_kernel</code>)
* Flash Rootfs (<code>pmbootstrap flasher flash_rootfs</code>)
* Initramfs boot
* USB Network
* Framebuffer graphics (Splash screens)
* SSH Connectivity
* Touchscreen
* Xwayland
* Weston on framebuffer
* Plasma Mobile on framebuffer

== What does not work ==

* Audio playback
* Everything else

== How to enter flash mode ==

Press and hold <code>Volume Down</code> + <code>Home</code> + <code>Power</code> simultaneously. Then click <code>Volume Up</code> to confirm.

== How to enter recovery mode ==

Press and hold <code>Volume Up</code> + <code>Home</code> + <code>Power</code> simultaneously.

== Installation ==
First, [[Installing_pmbootstrap|install pmbootstrap]].

Setup device to be used:
<source lang="shell-session">
$ pmbootstrap init
...
Device [samsung-i9100]: samsung-klte   <- enter this
Kernel [downstream]: downstream        <- you probably want downstream for now
User interface [weston]:               <- choose any UI by your preference
...
</source>

Build the rootfs image:
<source lang="shell-session">
$ pmbootstrap install --no-fde
</source>

Then in order to flash it put your device in download mode, and plug it in USB. Then do:

<source lang="shell-session">
$ pmbootstrap flasher flash_rootfs

 Hold "Volume down" + "Home" buttons at the end of the process,
 so that when phone reboots put it in flashing mode again 

$ pmbootstrap flasher flash_kernel

 This time, don't hold any button, let it reboot to Linux!
</source>


== Additional info ==

=== Partition layout ===

<pre class="shell">~ # fdisk -l /dev/block/mmcblk0
Found valid GPT with protective MBR; using GPT

Disk /dev/block/mmcblk0: 30777344 sectors, 2740M
Logical sector size: 512
Disk identifier (GUID): 98101b32-bbe2-4bf2-a06e-2bb33d000c20
Partition table holds up to 128 entries
First usable sector is 34, last usable sector is 30777310

Number  Start (sector)    End (sector)  Size       Code  Name
   1            8192           38911       15.0M   0700  apnhlos
   2           38912          156543       57.4M   0700  modem
   3          156544          157567        512K   0700  sbl1
   4          157568          157695       65536   0700  dbi
   5          157696          157759       32768   0700  ddr
   6          157760          161855       2048K   0700  aboot
   7          161856          162879        512K   0700  rpm
   8          162880          163903        512K   0700  tz
   9          163904          170047       3072K   0700  fsg
  10          170048          184319       7136K   0700  pad
  11          184320          204799       10.0M   0700  param
  12          204800          233471       14.0M   0700  efs
  13          233472          239615       3072K   0700  modemst1
  14          239616          245759       3072K   0700  modemst2
  15          245760          272383       13.0M   0700  boot
  16          272384          303103       15.0M   0700  recovery
  17          303104          329727       13.0M   0700  fota
  18          329728          344045       7159K   0700  backup
  19          344046          344047        1024   0700  fsc
  20          344048          344063        8192   0700  ssd
  21          344064          360447       8192K   0700  persist
  22          360448          378879       9216K   0700  persdata
  23          378880         5498879       2500M   0700  system
  24         5498880         5908479        200M   0700  cache
  25         5908480         6010879       50.0M   0700  hidden
  26         6010880        30777310       11.8G   0700  userdata</pre>

== Component support table ==

{| class="wikitable"
|-
 ! Component !! Codename !! Mainline kernel !! Since when !! Downstream kernel
|-
| Debug serial || /dev/ttyMSM0 || Working || v4.17-rc1 || yes, /dev/ttyHSL0
|-
| Volume &amp; home buttons || gpio-keys || Working || locally || yes
|-
| Regulator nodes || pma8084 || Working || locally || yes
|-
| Internal storage || sdhci1 || Working || locally || yes
|-
| SD card storage || sdhci2 || Not working || || yes
|-
| USB Networking ||  || Not working || || yes
|-
| Display ||  || Not working || || yes
|-
| Touchscreen  ||  || Not working || || yes
|-
| Vibration motor ||  || Not working || || yes
|-
| Notification LED ||  || Not working || || yes
|-
| WiFi ||  || Not working || || yes
|-
| Bluetooth ||  || Not working || || unknown
|-
| GPU ||  || Not working || || with libhybris
|-
| Audio ||  || Not working || || no
|-
| Modem ||  || Not working || || no
|}

postmarketOS packages:
* [https://gitlab.com/postmarketOS/pmaports/tree/master/device/device-samsung-klte Device package]
* [https://gitlab.com/postmarketOS/pmaports/tree/master/device/linux-samsung-klte Kernel package]
* [https://gitlab.com/postmarketOS/pmaports/tree/master/firmware/firmware-samsung-klte Firmware package]

Mainline kernel patches:
* https://patchwork.kernel.org/patch/10150807/

Development branch:
* https://gitlab.com/postmarketOS/linux-postmarketos/tree/qcom , commits by ''drebrez''
* https://github.com/drebrez/linux/tree/samsung-klte (old)

== Links ==
* [https://www.gsmarena.com/samsung_galaxy_s5-6033.php Full phone specifications]
* [https://github.com/postmarketOS/pmbootstrap/tree/device/samsung-klte Development branch]

== Photos ==
<gallery>
File:Klte plamo.jpg|thumb|left|Plasma Mobile
File:Klte weston.jpg|thumb|left|Weston
</gallery>
