{{Infobox device
| manufacturer = Samsung
| name = Galaxy S8
| codename = samsung-dreamlte
| image = File:S8.JPG
| imagecaption = Samsung Galaxy S8
| releaseyear = 2017
| originalsoftware = Android 9.0
| chipset = Exynos 8895
| cpu = 4x2.3 GHz Mongoose M2 & 4x1.7 GHz Cortex-A53
| gpu = Mali-G71 MP20
| storage = 64 GB
| display = 1440 x 2960 Super AMOLED
| memory = 4 GB
| architecture = aarch64
<!-- the following status_* questions should be answered with Y - yes, P - partial, N - no, or left blank (for untested or unknown) -->
| status_usbnet = 
| status_flashing = 
| status_touch = 
| status_screen = 
| status_wifi = 
| status_xwayland = 
| status_fde = 
| status_mainline = 
| status_battery = 
| status_3d = 
| status_accel = 
| status_audio = 
| status_bluetooth = 
| status_camera = 
| status_gps = 
| status_mobiledata = 
| status_sms = 
| status_calls = 
| status = 
| booting = no
| status_otg = 
| pmoskernel = 
}}

== Contributors ==


== Maintainer(s) ==


== Users owning this device ==
{{Device owners}}


== How to enter flash/odin mode ==
Press and hold {{button|Bixby Key}} + {{button|Volume Down}} + {{button|Power}} simultaneously while device is powered off.


== Additional info ==

=== Partition layout ===

<pre class="shell">~ # fdisk -l /dev/block/sda
Note: sector size is 4096 (not 512)
Found valid GPT with protective MBR; using GPT

Disk /dev/block/sda: 124928000 sectors,  576M
Logical sector size: 4096
Disk identifier (GUID): 52444e41-494f-2044-4d4d-43204449534b
Partition table holds up to 128 entries
First usable sector is 6, last usable sector is 15615994

Number  Start (sector)    End (sector)  Size       Code  Name
   1            1024            2047       4096K   0700  BOTA0
   2            2048            3071       4096K   0700  NA
   3            3072            8191       20.0M   0700  EFS
   4            8192           10239       8192K   0700  PARAM
   5           10240           12287       8192K   0700  UP_PARAM
   6           12288           14335       8192K   0700  BOTA2
   7           14336           24575       40.0M   0700  BOOT
   8           24576           36351       46.0M   0700  RECOVERY
   9           36352           38399       8192K   0700  BOTA1
  10           38400           49151       42.0M   0700  RADIO
  11           49152           49407       1024K   0700  TOMBSTONES
  12           49408           49663       1024K   0700  DNT
  13           49664           49791        512K   0700  PERSISTENT
  14           49792           50047       1024K   0700  MISC
  15           50048           51071       4096K   0700  STEADY
  16           51072           55167       16.0M   0700  KEYREFUGE
  17           55168         1168767       4350M   0700  SYSTEM
  18         1168768         1296767        500M   0700  CACHE
  19         1296768         1299327       10.0M   0700  HIDDEN
  20         1299328         1312127       50.0M   0700  OMR
  21         1312128         1313407       5120K   0700  CP_DEBUG
  22         1313408         1318527       20.0M   0700  NAD_FW
  23         1318528         1318783       1024K   0700  NAD_REFER
  24         1318784        15614847       54.5G   0700  USERDATA</pre>

== Links ==
* [https://www.gsmarena.com/samsung_galaxy_s8-8161.php Full phone specifications]
* [https://twrp.me/samsung/samsunggalaxys8.html TWRP for Samsung Galaxy S8 (Exynos)]
* [https://www.ifixit.com/Teardown/Samsung+Galaxy+S8+Teardown/87136 Samsung Galaxy S8 Teardown]
